// Jest Snapshot v1, https://goo.gl/fbAQLP

exports[`Prueba en <PrimeraAPP /> debe de mostrar  <PrimerApp> correctamente 1`] = `
<Fragment>
  <h1>
     
    Hola , Soy Goku
     
  </h1>
  <p>
    Soy un subtitulo
  </p>
</Fragment>
`;
